[duruthemes.com/demo/html/annie/dark/index.html]
[backblue.gif]
[fade.gif]
[index.html]
[duruthemes.com/demo/html/annie/dark/images/favicon.png]
[duruthemes.com/demo/html/annie/dark/css/animate.css]
[duruthemes.com/demo/html/annie/dark/css/font-awesome.min.css]
[duruthemes.com/demo/html/annie/dark/css/bootstrap.css]
[duruthemes.com/demo/html/annie/dark/css/flexslider.css]
[duruthemes.com/demo/html/annie/dark/css/style.css]
[duruthemes.com/demo/html/annie/dark/images/logo.png]
[duruthemes.com/demo/html/annie/dark/about.html]
[duruthemes.com/demo/html/annie/dark/gallery.html]
[duruthemes.com/demo/html/annie/dark/blog.html]
[duruthemes.com/demo/html/annie/dark/contact.html]
[duruthemes.com/demo/html/annie/dark/images/slider/01.jpg]
[duruthemes.com/demo/html/annie/dark/images/slider/02.jpg]
[duruthemes.com/demo/html/annie/dark/images/sign.png]
[duruthemes.com/demo/html/annie/dark/images/gallery/01.jpg]
[duruthemes.com/demo/html/annie/dark/images/gallery/02.jpg]
[duruthemes.com/demo/html/annie/dark/images/gallery/03.jpg]
[duruthemes.com/demo/html/annie/dark/images/gallery/04.jpg]
[duruthemes.com/demo/html/annie/dark/images/gallery/05.jpg]
[duruthemes.com/demo/html/annie/dark/images/gallery/06.jpg]
[duruthemes.com/demo/html/annie/dark/images/gallery/07.jpg]
[duruthemes.com/demo/html/annie/dark/images/gallery/08.jpg]
[duruthemes.com/demo/html/annie/dark/images/gallery/09.jpg]
[duruthemes.com/demo/html/annie/dark/images/gallery/10.jpg]
[duruthemes.com/demo/html/annie/dark/images/gallery/11.jpg]
[duruthemes.com/demo/html/annie/dark/images/gallery/12.jpg]
[duruthemes.com/demo/html/annie/dark/images/gallery/13.jpg]
[duruthemes.com/demo/html/annie/dark/images/gallery/19.jpg]
[duruthemes.com/demo/html/annie/dark/images/gallery/15.jpg]
[duruthemes.com/demo/html/annie/dark/images/gallery/16.jpg]
[duruthemes.com/demo/html/annie/dark/images/gallery/17.jpg]
[duruthemes.com/demo/html/annie/dark/images/gallery/18.jpg]
[duruthemes.com/demo/html/annie/dark/js/jquery.min.js]
[duruthemes.com/demo/html/annie/dark/js/modernizr-2.6.2.min.js]
[duruthemes.com/demo/html/annie/dark/js/jquery.easing.1.3.js]
[duruthemes.com/demo/html/annie/dark/js/bootstrap.min.js]
[duruthemes.com/demo/html/annie/dark/js/jquery.waypoints.min.js]
[duruthemes.com/demo/html/annie/dark/js/jquery.flexslider-min.js]
[duruthemes.com/demo/html/annie/dark/js/sticky-kit.min.js]
[duruthemes.com/demo/html/annie/dark/index.html]
[duruthemes.com/demo/html/annie/dark/css/animate.css]
[duruthemes.com/demo/html/annie/dark/js/main.js]
[duruthemes.com/demo/html/annie/dark/webfonts/fa-brands-400.eot]
[duruthemes.com/demo/html/annie/dark/webfonts/fa-brands-400-.eot]
[duruthemes.com/demo/html/annie/dark/js/jquery.fancybox.min.js]
[duruthemes.com/demo/html/annie/dark/webfonts/fa-brands-400.woff2]
[duruthemes.com/demo/html/annie/dark/webfonts/fa-brands-400.woff]
[duruthemes.com/demo/html/annie/dark/webfonts/fa-brands-400.ttf]
[duruthemes.com/demo/html/annie/dark/webfonts/fa-brands-400.svg]
[duruthemes.com/demo/html/annie/dark/webfonts/fa-regular-400.eot]
[duruthemes.com/demo/html/annie/dark/webfonts/fa-regular-400-.eot]
[duruthemes.com/demo/html/annie/dark/webfonts/fa-regular-400.woff2]
[duruthemes.com/demo/html/annie/dark/webfonts/fa-regular-400.woff]
[duruthemes.com/demo/html/annie/dark/webfonts/fa-regular-400.ttf]
[duruthemes.com/demo/html/annie/dark/webfonts/fa-regular-400.svg]
[duruthemes.com/demo/html/annie/dark/webfonts/fa-solid-900.eot]
[duruthemes.com/demo/html/annie/dark/webfonts/fa-solid-900-.eot]
[duruthemes.com/demo/html/annie/dark/webfonts/fa-solid-900.woff2]
[duruthemes.com/demo/html/annie/dark/webfonts/fa-solid-900.woff]
[duruthemes.com/demo/html/annie/dark/webfonts/fa-solid-900.ttf]
[duruthemes.com/demo/html/annie/dark/webfonts/fa-solid-900.3d.delayed]
[duruthemes.com/demo/html/annie/dark/css/font-awesome.min.css]
[duruthemes.com/demo/html/annie/dark/css/bootstrap.css]
[duruthemes.com/demo/html/annie/dark/css/flexslider.css]
[duruthemes.com/demo/html/annie/dark/css/fancybox.min.css]
[duruthemes.com/demo/html/annie/dark/images/loader.gif]
[duruthemes.com/demo/html/annie/dark/css/style.css]
[duruthemes.com/demo/html/annie/dark/images/team/01.jpg]
[duruthemes.com/demo/html/annie/dark/images/team/02.jpg]
[duruthemes.com/demo/html/annie/dark/images/team/03.jpg]
[duruthemes.com/demo/html/annie/dark/about.html]
[duruthemes.com/demo/html/annie/dark/images/gallery/14.jpg]
[duruthemes.com/demo/html/annie/dark/images/video.mp4]
[duruthemes.com/demo/html/annie/dark/gallery.html]
[duruthemes.com/demo/html/annie/dark/post.html]
[duruthemes.com/demo/html/annie/dark/blog.html]
[duruthemes.com/demo/html/annie/dark/js/googlemap.js]
[duruthemes.com/demo/html/annie/dark/contact.html]
[duruthemes.com/demo/html/annie/dark/webfonts/fa-brands-400.svg]
[duruthemes.com/demo/html/annie/dark/webfonts/fa-regular-400.svg]
[duruthemes.com/demo/html/annie/dark/webfonts/fa-solid-900.html]
[duruthemes.com/demo/html/annie/dark/webfonts/fa-solid-900-.html]
[duruthemes.com/demo/html/annie/dark/webfonts/fa-solid-901.html]
[duruthemes.com/demo/html/annie/dark/css/fancybox.min.css]
[duruthemes.com/demo/html/annie/dark/services.html]
[duruthemes.com/demo/html/annie/dark/images/post.jpg]
[duruthemes.com/demo/html/annie/dark/images/team/06.jpg]
[duruthemes.com/demo/html/annie/dark/images/team/04.jpg]
[duruthemes.com/demo/html/annie/dark/images/team/05.jpg]
[duruthemes.com/demo/html/annie/dark/post.html]
[duruthemes.com/demo/html/annie/dark/services-post.html]
[duruthemes.com/demo/html/annie/dark/images/services/02.jpg]
[duruthemes.com/demo/html/annie/dark/images/services/06.jpg]
[duruthemes.com/demo/html/annie/dark/images/services/05.jpg]
[duruthemes.com/demo/html/annie/dark/images/services/04.jpg]
[duruthemes.com/demo/html/annie/dark/images/services/01.jpg]
[duruthemes.com/demo/html/annie/dark/images/services/03.jpg]
[duruthemes.com/demo/html/annie/dark/services.html]
[duruthemes.com/demo/html/annie/dark/images/services/wedding.jpg]
[duruthemes.com/demo/html/annie/dark/images/services/w7.jpg]
[duruthemes.com/demo/html/annie/dark/images/services/w1.jpg]
[duruthemes.com/demo/html/annie/dark/images/services/w4.jpg]
[duruthemes.com/demo/html/annie/dark/images/services/w5.jpg]
[duruthemes.com/demo/html/annie/dark/images/services/w2.jpg]
[duruthemes.com/demo/html/annie/dark/images/services/w6.jpg]
[duruthemes.com/demo/html/annie/dark/services-post.html]
